{
  "version": "1.5.0",
  "plugins_used": [
    {
      "name": "ArtifactoryDetector"
    },
    {
      "name": "AWSKeyDetector"
    },
    {
      "name": "AzureStorageKeyDetector"
    },
    {
      "name": "Base64HighEntropyString",
      "limit": 4.5
    },
    {
      "name": "BasicAuthDetector"
    },
    {
      "name": "CloudantDetector"
    },
    {
      "name": "DiscordBotTokenDetector"
    },
    {
      "name": "GitHubTokenDetector"
    },
    {
      "name": "GitLabTokenDetector"
    },
    {
      "name": "HexHighEntropyString",
      "limit": 3.0
    },
    {
      "name": "IbmCloudIamDetector"
    },
    {
      "name": "IbmCosHmacDetector"
    },
    {
      "name": "IPPublicDetector"
    },
    {
      "name": "JwtTokenDetector"
    },
    {
      "name": "KeywordDetector",
      "keyword_exclude": ""
    },
    {
      "name": "MailchimpDetector"
    },
    {
      "name": "NpmDetector"
    },
    {
      "name": "OpenAIDetector"
    },
    {
      "name": "PrivateKeyDetector"
    },
    {
      "name": "PypiTokenDetector"
    },
    {
      "name": "SendGridDetector"
    },
    {
      "name": "SlackDetector"
    },
    {
      "name": "SoftlayerDetector"
    },
    {
      "name": "SquareOAuthDetector"
    },
    {
      "name": "StripeDetector"
    },
    {
      "name": "TelegramBotTokenDetector"
    },
    {
      "name": "TwilioKeyDetector"
    }
  ],
  "filters_used": [
    {
      "path": "detect_secrets.filters.allowlist.is_line_allowlisted"
    },
    {
      "path": "detect_secrets.filters.common.is_baseline_file",
      "filename": ".secrets.baseline"
    },
    {
      "path": "detect_secrets.filters.common.is_ignored_due_to_verification_policies",
      "min_level": 2
    },
    {
      "path": "detect_secrets.filters.heuristic.is_indirect_reference"
    },
    {
      "path": "detect_secrets.filters.heuristic.is_likely_id_string"
    },
    {
      "path": "detect_secrets.filters.heuristic.is_lock_file"
    },
    {
      "path": "detect_secrets.filters.heuristic.is_not_alphanumeric_string"
    },
    {
      "path": "detect_secrets.filters.heuristic.is_potential_uuid"
    },
    {
      "path": "detect_secrets.filters.heuristic.is_prefixed_with_dollar_sign"
    },
    {
      "path": "detect_secrets.filters.heuristic.is_sequential_string"
    },
    {
      "path": "detect_secrets.filters.heuristic.is_swagger_file"
    },
    {
      "path": "detect_secrets.filters.heuristic.is_templated_secret"
    }
  ],
  "results": {
    "dev\\legacy_tests\\tests\\core\\test_security_direct.py": [
      {
        "type": "Hex High Entropy String",
        "filename": "dev\\legacy_tests\\tests\\core\\test_security_direct.py",
        "hashed_secret": "e9e8fa9602f37a97a0e3f588c8e49e1bbb756706",
        "is_verified": false,
        "line_number": 39
      }
    ],
    "dev\\legacy_tests\\tests\\core\\test_security_enforcement.py": [
      {
        "type": "Hex High Entropy String",
        "filename": "dev\\legacy_tests\\tests\\core\\test_security_enforcement.py",
        "hashed_secret": "4028a0e356acc947fcd2bfbf00cef11e128d484a",
        "is_verified": false,
        "line_number": 135
      }
    ],
    "dev\\legacy_tests\\tests\\core\\test_security_simple.py": [
      {
        "type": "Hex High Entropy String",
        "filename": "dev\\legacy_tests\\tests\\core\\test_security_simple.py",
        "hashed_secret": "e9e8fa9602f37a97a0e3f588c8e49e1bbb756706",
        "is_verified": false,
        "line_number": 61
      }
    ],
    "dev\\legacy_tests\\tests\\models\\test_model_script_integration.py": [
      {
        "type": "Secret Keyword",
        "filename": "dev\\legacy_tests\\tests\\models\\test_model_script_integration.py",
        "hashed_secret": "3acfb2c2b433c0ea7ff107e33df91b18e52f960f",
        "is_verified": false,
        "line_number": 95
      },
      {
        "type": "Secret Keyword",
        "filename": "dev\\legacy_tests\\tests\\models\\test_model_script_integration.py",
        "hashed_secret": "3bee216ebc256d692260fc3adc765050508fef5e",
        "is_verified": false,
        "line_number": 484
      },
      {
        "type": "Secret Keyword",
        "filename": "dev\\legacy_tests\\tests\\models\\test_model_script_integration.py",
        "hashed_secret": "a94a8fe5ccb19ba61c4c0873d391e987982fbbd3",
        "is_verified": false,
        "line_number": 618
      }
    ],
    "dev\\legacy_tests\\tests\\models\\test_model_validation.py": [
      {
        "type": "Secret Keyword",
        "filename": "dev\\legacy_tests\\tests\\models\\test_model_validation.py",
        "hashed_secret": "3acfb2c2b433c0ea7ff107e33df91b18e52f960f",
        "is_verified": false,
        "line_number": 66
      },
      {
        "type": "Secret Keyword",
        "filename": "dev\\legacy_tests\\tests\\models\\test_model_validation.py",
        "hashed_secret": "a94a8fe5ccb19ba61c4c0873d391e987982fbbd3",
        "is_verified": false,
        "line_number": 282
      }
    ],
    "dev\\legacy_tests\\tests\\performance\\test_lazy_loading.py": [
      {
        "type": "Secret Keyword",
        "filename": "dev\\legacy_tests\\tests\\performance\\test_lazy_loading.py",
        "hashed_secret": "ed65c049bb2f78ee4f703b2158ba9cc6ea31fb7e",
        "is_verified": false,
        "line_number": 57
      },
      {
        "type": "Secret Keyword",
        "filename": "dev\\legacy_tests\\tests\\performance\\test_lazy_loading.py",
        "hashed_secret": "3acfb2c2b433c0ea7ff107e33df91b18e52f960f",
        "is_verified": false,
        "line_number": 126
      },
      {
        "type": "Secret Keyword",
        "filename": "dev\\legacy_tests\\tests\\performance\\test_lazy_loading.py",
        "hashed_secret": "e9b4dce312643ee0e1bd0561a50d9d5a7e5a2be1",
        "is_verified": false,
        "line_number": 267
      }
    ],
    "dev\\legacy_tests\\tests\\unit\\ai\\test_llm_backends.py": [
      {
        "type": "Secret Keyword",
        "filename": "dev\\legacy_tests\\tests\\unit\\ai\\test_llm_backends.py",
        "hashed_secret": "00942f4668670f34c5943cf52c7ef3139fe2b8d6",
        "is_verified": false,
        "line_number": 53
      },
      {
        "type": "Secret Keyword",
        "filename": "dev\\legacy_tests\\tests\\unit\\ai\\test_llm_backends.py",
        "hashed_secret": "e48c47f1431afd3bb030deea266b4309e2228c5b",
        "is_verified": false,
        "line_number": 70
      },
      {
        "type": "Secret Keyword",
        "filename": "dev\\legacy_tests\\tests\\unit\\ai\\test_llm_backends.py",
        "hashed_secret": "6828d47ef394e12f2301290ff69b40ab5a9aa1f4",
        "is_verified": false,
        "line_number": 76
      }
    ],
    "docs\\deployment\\production.md": [
      {
        "type": "Secret Keyword",
        "filename": "docs\\deployment\\production.md",
        "hashed_secret": "a616a64c0fbc30f12287d0f24f3b90dd2e6a206e",
        "is_verified": false,
        "line_number": 178
      }
    ],
    "docs\\guides\\MEMORY_NETWORK_FORENSICS_GUIDE.md": [
      {
        "type": "Secret Keyword",
        "filename": "docs\\guides\\MEMORY_NETWORK_FORENSICS_GUIDE.md",
        "hashed_secret": "f42a3fabe1e9bed059d727f47eb752e3aa61b977",
        "is_verified": false,
        "line_number": 458
      }
    ],
    "docs\\guides\\SECRETS_MANAGEMENT.md": [
      {
        "type": "Secret Keyword",
        "filename": "docs\\guides\\SECRETS_MANAGEMENT.md",
        "hashed_secret": "b790cfebf1cd30713edcddc5153b87812a42f55f",
        "is_verified": false,
        "line_number": 153
      }
    ],
    "examples\\background_loading_example.py": [
      {
        "type": "Secret Keyword",
        "filename": "examples\\background_loading_example.py",
        "hashed_secret": "aecdccc1cf64595b34e0cc152d238daabb32183a",
        "is_verified": false,
        "line_number": 180
      }
    ],
    "intellicrack\\ai\\ai_script_generator.py": [
      {
        "type": "Hex High Entropy String",
        "filename": "intellicrack\\ai\\ai_script_generator.py",
        "hashed_secret": "41e29575c7361b2924f701502ca6d932b45b9e51",
        "is_verified": false,
        "line_number": 2718
      },
      {
        "type": "Hex High Entropy String",
        "filename": "intellicrack\\ai\\ai_script_generator.py",
        "hashed_secret": "4028a0e356acc947fcd2bfbf00cef11e128d484a",
        "is_verified": false,
        "line_number": 3120
      },
      {
        "type": "Hex High Entropy String",
        "filename": "intellicrack\\ai\\ai_script_generator.py",
        "hashed_secret": "c4033bff94b567a190e33faa551f411caef444f2",
        "is_verified": false,
        "line_number": 3121
      },
      {
        "type": "Hex High Entropy String",
        "filename": "intellicrack\\ai\\ai_script_generator.py",
        "hashed_secret": "e9e8fa9602f37a97a0e3f588c8e49e1bbb756706",
        "is_verified": false,
        "line_number": 3122
      }
    ],
    "intellicrack\\ai\\background_loader.py": [
      {
        "type": "Secret Keyword",
        "filename": "intellicrack\\ai\\background_loader.py",
        "hashed_secret": "b444ac06613fc8d63795be9ad0beaf55011936ac",
        "is_verified": false,
        "line_number": 540
      },
      {
        "type": "Secret Keyword",
        "filename": "intellicrack\\ai\\background_loader.py",
        "hashed_secret": "109f4b3c50d7b0df729d299bc6f8e9ef9066971f",
        "is_verified": false,
        "line_number": 542
      }
    ],
    "intellicrack\\ai\\lazy_model_loader.py": [
      {
        "type": "Secret Keyword",
        "filename": "intellicrack\\ai\\lazy_model_loader.py",
        "hashed_secret": "3acfb2c2b433c0ea7ff107e33df91b18e52f960f",
        "is_verified": false,
        "line_number": 512
      }
    ],
    "intellicrack\\assets\\example_configs\\anthropic_claude3.json": [
      {
        "type": "Secret Keyword",
        "filename": "intellicrack\\assets\\example_configs\\anthropic_claude3.json",
        "hashed_secret": "55acb8c58b388b08d5a7010cfcf9b269da828b7b",
        "is_verified": false,
        "line_number": 6
      }
    ],
    "intellicrack\\assets\\example_configs\\frida_specialized.json": [
      {
        "type": "Secret Keyword",
        "filename": "intellicrack\\assets\\example_configs\\frida_specialized.json",
        "hashed_secret": "117da8548537ab40edb392abf17605739b273a73",
        "is_verified": false,
        "line_number": 6
      }
    ],
    "intellicrack\\assets\\example_configs\\openai_gpt4.json": [
      {
        "type": "Secret Keyword",
        "filename": "intellicrack\\assets\\example_configs\\openai_gpt4.json",
        "hashed_secret": "117da8548537ab40edb392abf17605739b273a73",
        "is_verified": false,
        "line_number": 6
      }
    ],
    "intellicrack\\assets\\example_configs\\vulnerability_assessment.json": [
      {
        "type": "Secret Keyword",
        "filename": "intellicrack\\assets\\example_configs\\vulnerability_assessment.json",
        "hashed_secret": "55acb8c58b388b08d5a7010cfcf9b269da828b7b",
        "is_verified": false,
        "line_number": 6
      }
    ],
    "intellicrack\\core\\analysis\\firmware_analyzer.py": [
      {
        "type": "Secret Keyword",
        "filename": "intellicrack\\core\\analysis\\firmware_analyzer.py",
        "hashed_secret": "26eae588d0859648be8edcf9cd2cf19bbdfacd43",
        "is_verified": false,
        "line_number": 55
      },
      {
        "type": "Secret Keyword",
        "filename": "intellicrack\\core\\analysis\\firmware_analyzer.py",
        "hashed_secret": "efe8f9c825bbdac1f2a1e554ade41efff4d93d27",
        "is_verified": false,
        "line_number": 61
      },
      {
        "type": "Private Key",
        "filename": "intellicrack\\core\\analysis\\firmware_analyzer.py",
        "hashed_secret": "1348b145fa1a555461c1b790a2f66614781091e9",
        "is_verified": false,
        "line_number": 733
      },
      {
        "type": "Private Key",
        "filename": "intellicrack\\core\\analysis\\firmware_analyzer.py",
        "hashed_secret": "be4fc4886bd949b369d5e092eb87494f12e57e5b",
        "is_verified": false,
        "line_number": 734
      },
      {
        "type": "Private Key",
        "filename": "intellicrack\\core\\analysis\\firmware_analyzer.py",
        "hashed_secret": "daefe0b4345a654580dcad25c7c11ff4c944a8c0",
        "is_verified": false,
        "line_number": 735
      },
      {
        "type": "Private Key",
        "filename": "intellicrack\\core\\analysis\\firmware_analyzer.py",
        "hashed_secret": "f0778f3e140a61d5bbbed5430773e52af2f5fba4",
        "is_verified": false,
        "line_number": 736
      }
    ],
    "intellicrack\\core\\exploitation\\credential_harvester.py": [
      {
        "type": "Base64 High Entropy String",
        "filename": "intellicrack\\core\\exploitation\\credential_harvester.py",
        "hashed_secret": "28a6e5e1bdc9b42ff6282c89cc2ff1cd2b6cf459",
        "is_verified": false,
        "line_number": 498
      }
    ],
    "intellicrack\\core\\exploitation\\lateral_movement.py": [
      {
        "type": "Secret Keyword",
        "filename": "intellicrack\\core\\exploitation\\lateral_movement.py",
        "hashed_secret": "cbfdac6008f9cab4083784cbd1874f76618d2a97",
        "is_verified": false,
        "line_number": 6112
      }
    ],
    "intellicrack\\core\\exploitation\\linux_persistence.py": [
      {
        "type": "Base64 High Entropy String",
        "filename": "intellicrack\\core\\exploitation\\linux_persistence.py",
        "hashed_secret": "adee8b3e4a68f25e9b2f2e4e2bbb6684fd63cd2e",
        "is_verified": false,
        "line_number": 2160
      }
    ],
    "intellicrack\\core\\exploitation\\stack_canary_bypass.py": [
      {
        "type": "Hex High Entropy String",
        "filename": "intellicrack\\core\\exploitation\\stack_canary_bypass.py",
        "hashed_secret": "4b35a3aa753fbb3cbc88579f8d4a33dea08ef7ce",
        "is_verified": false,
        "line_number": 732
      }
    ],
    "intellicrack\\core\\exploitation\\windows_persistence.py": [
      {
        "type": "Base64 High Entropy String",
        "filename": "intellicrack\\core\\exploitation\\windows_persistence.py",
        "hashed_secret": "34d3d1473715b67999e826731d6e17ba6678a063",
        "is_verified": false,
        "line_number": 64
      },
      {
        "type": "Base64 High Entropy String",
        "filename": "intellicrack\\core\\exploitation\\windows_persistence.py",
        "hashed_secret": "60cb427524185256b5aaca1be345fc85482cd87a",
        "is_verified": false,
        "line_number": 65
      },
      {
        "type": "Base64 High Entropy String",
        "filename": "intellicrack\\core\\exploitation\\windows_persistence.py",
        "hashed_secret": "d549b10130043078d45246d9275797e244f33939",
        "is_verified": false,
        "line_number": 66
      },
      {
        "type": "Base64 High Entropy String",
        "filename": "intellicrack\\core\\exploitation\\windows_persistence.py",
        "hashed_secret": "3af5a4c8553600d8cc33b3d6ffefdb9c675068ba",
        "is_verified": false,
        "line_number": 67
      }
    ],
    "intellicrack\\core\\network\\protocols\\flexlm_parser.py": [
      {
        "type": "Hex High Entropy String",
        "filename": "intellicrack\\core\\network\\protocols\\flexlm_parser.py",
        "hashed_secret": "8b573400c0170c771b7b234e07bc148c48cdf9e8",
        "is_verified": false,
        "line_number": 119
      },
      {
        "type": "Hex High Entropy String",
        "filename": "intellicrack\\core\\network\\protocols\\flexlm_parser.py",
        "hashed_secret": "4da60d48fde51e0a977c8a3ef44a7d3cbb3c5ad6",
        "is_verified": false,
        "line_number": 126
      },
      {
        "type": "Hex High Entropy String",
        "filename": "intellicrack\\core\\network\\protocols\\flexlm_parser.py",
        "hashed_secret": "67b470816985be97e1ded3ed16d358f2273e7502",
        "is_verified": false,
        "line_number": 133
      },
      {
        "type": "Hex High Entropy String",
        "filename": "intellicrack\\core\\network\\protocols\\flexlm_parser.py",
        "hashed_secret": "75fd9973ad8909e8c69b35259af4926b56d19b25",
        "is_verified": false,
        "line_number": 142
      },
      {
        "type": "Hex High Entropy String",
        "filename": "intellicrack\\core\\network\\protocols\\flexlm_parser.py",
        "hashed_secret": "c2493557f2242ad1d3f11192c303719a63ba1d9f",
        "is_verified": false,
        "line_number": 149
      },
      {
        "type": "Hex High Entropy String",
        "filename": "intellicrack\\core\\network\\protocols\\flexlm_parser.py",
        "hashed_secret": "28393f459a1b7a4d1f6ca366b8ba184f56453a0d",
        "is_verified": false,
        "line_number": 158
      },
      {
        "type": "Hex High Entropy String",
        "filename": "intellicrack\\core\\network\\protocols\\flexlm_parser.py",
        "hashed_secret": "bd188314a03837a11b17516a641cf182223a64c1",
        "is_verified": false,
        "line_number": 167
      },
      {
        "type": "Hex High Entropy String",
        "filename": "intellicrack\\core\\network\\protocols\\flexlm_parser.py",
        "hashed_secret": "9815c7561cd3de5d5073839d944924252b9ba4c2",
        "is_verified": false,
        "line_number": 176
      }
    ],
    "intellicrack\\core\\patching\\windows_activator.py": [
      {
        "type": "Base64 High Entropy String",
        "filename": "intellicrack\\core\\patching\\windows_activator.py",
        "hashed_secret": "8ea56d89c07a724a367b6d58a1340b7bb79810fb",
        "is_verified": false,
        "line_number": 374
      }
    ],
    "intellicrack\\core\\protection_bypass\\vm_bypass.py": [
      {
        "type": "Base64 High Entropy String",
        "filename": "intellicrack\\core\\protection_bypass\\vm_bypass.py",
        "hashed_secret": "559e1ea36d1ee6a7e64ad033dfa7ef322bada29f",
        "is_verified": false,
        "line_number": 473
      }
    ],
    "intellicrack\\core\\startup_checks.py": [
      {
        "type": "Secret Keyword",
        "filename": "intellicrack\\core\\startup_checks.py",
        "hashed_secret": "10fa5a396b971aa868d60c7f10de447b055b91fb",
        "is_verified": false,
        "line_number": 285
      }
    ],
    "intellicrack\\core\\tool_discovery.py": [
      {
        "type": "Base64 High Entropy String",
        "filename": "intellicrack\\core\\tool_discovery.py",
        "hashed_secret": "4a75777134389d0e108fd309dcb9cc4b60d6530f",
        "is_verified": false,
        "line_number": 492
      }
    ],
    "intellicrack\\hexview\\ai_bridge.py": [
      {
        "type": "Hex High Entropy String",
        "filename": "intellicrack\\hexview\\ai_bridge.py",
        "hashed_secret": "e859fe9ab028c4c1633af67df6be2b8705511810",
        "is_verified": false,
        "line_number": 2182
      }
    ],
    "intellicrack\\plugins\\custom_modules\\cloud_license_interceptor.py": [
      {
        "type": "Secret Keyword",
        "filename": "intellicrack\\plugins\\custom_modules\\cloud_license_interceptor.py",
        "hashed_secret": "665b1e3851eefefa3fb878654292f16597d25155",
        "is_verified": false,
        "line_number": 83
      }
    ],
    "intellicrack\\plugins\\frida_scripts\\android_bypass_suite.js": [
      {
        "type": "Hex High Entropy String",
        "filename": "intellicrack\\plugins\\frida_scripts\\android_bypass_suite.js",
        "hashed_secret": "9e449796cf906331fdf5cfbb69a5432ccf10130d",
        "is_verified": false,
        "line_number": 1088
      }
    ],
    "intellicrack\\plugins\\frida_scripts\\cloud_licensing_bypass.js": [
      {
        "type": "JSON Web Token",
        "filename": "intellicrack\\plugins\\frida_scripts\\cloud_licensing_bypass.js",
        "hashed_secret": "34296cfa9f26ddb6eb110466488de67ef6d6c464",
        "is_verified": false,
        "line_number": 54
      }
    ],
    "intellicrack\\plugins\\frida_scripts\\code_integrity_bypass.js": [
      {
        "type": "Hex High Entropy String",
        "filename": "intellicrack\\plugins\\frida_scripts\\code_integrity_bypass.js",
        "hashed_secret": "67a74306b06d0c01624fe0d0249a570f4d093747",
        "is_verified": false,
        "line_number": 41
      },
      {
        "type": "Hex High Entropy String",
        "filename": "intellicrack\\plugins\\frida_scripts\\code_integrity_bypass.js",
        "hashed_secret": "10a34637ad661d98ba3344717656fcc76209c2f8",
        "is_verified": false,
        "line_number": 46
      },
      {
        "type": "Hex High Entropy String",
        "filename": "intellicrack\\plugins\\frida_scripts\\code_integrity_bypass.js",
        "hashed_secret": "244f421f896bdcdd2784dccf4eaf7c8dfd5189b5",
        "is_verified": false,
        "line_number": 51
      },
      {
        "type": "Hex High Entropy String",
        "filename": "intellicrack\\plugins\\frida_scripts\\code_integrity_bypass.js",
        "hashed_secret": "23e339ebfc6e9ddb24ec830eab2ac719d666192a",
        "is_verified": false,
        "line_number": 56
      }
    ],
    "intellicrack\\plugins\\frida_scripts\\tpm_emulator.js": [
      {
        "type": "Base64 High Entropy String",
        "filename": "intellicrack\\plugins\\frida_scripts\\tpm_emulator.js",
        "hashed_secret": "f1dd1686d3c8f48c398e34a5636d3e4c0bb959fa",
        "is_verified": false,
        "line_number": 64
      },
      {
        "type": "Base64 High Entropy String",
        "filename": "intellicrack\\plugins\\frida_scripts\\tpm_emulator.js",
        "hashed_secret": "3e5b8fccfd657452e5af58cfdf81a60fe4024ee7",
        "is_verified": false,
        "line_number": 71
      },
      {
        "type": "Hex High Entropy String",
        "filename": "intellicrack\\plugins\\frida_scripts\\tpm_emulator.js",
        "hashed_secret": "40e4f7e2d10e99f017d8d0de200e089c1cb43b35",
        "is_verified": false,
        "line_number": 77
      },
      {
        "type": "Hex High Entropy String",
        "filename": "intellicrack\\plugins\\frida_scripts\\tpm_emulator.js",
        "hashed_secret": "21ca65ad4724978770dddabaaf4f6190b8880bb9",
        "is_verified": false,
        "line_number": 78
      }
    ],
    "intellicrack\\plugins\\frida_scripts\\websocket_interceptor.js": [
      {
        "type": "JSON Web Token",
        "filename": "intellicrack\\plugins\\frida_scripts\\websocket_interceptor.js",
        "hashed_secret": "175ad20140e296a3b088feb55184fda5ce63b261",
        "is_verified": false,
        "line_number": 81
      }
    ],
    "intellicrack\\plugins\\ghidra_scripts\\default\\LicensePatternScannerAdvanced.java": [
      {
        "type": "Private Key",
        "filename": "intellicrack\\plugins\\ghidra_scripts\\default\\LicensePatternScannerAdvanced.java",
        "hashed_secret": "4ada9713ec27066b2ffe0b7bd9c9c8d635dc4ab2",
        "is_verified": false,
        "line_number": 625
      }
    ],
    "intellicrack\\scripts\\frida\\cloud_licensing_bypass.js": [
      {
        "type": "JSON Web Token",
        "filename": "intellicrack\\scripts\\frida\\cloud_licensing_bypass.js",
        "hashed_secret": "34296cfa9f26ddb6eb110466488de67ef6d6c464",
        "is_verified": false,
        "line_number": 36
      }
    ],
    "intellicrack\\scripts\\frida\\code_integrity_bypass.js": [
      {
        "type": "Hex High Entropy String",
        "filename": "intellicrack\\scripts\\frida\\code_integrity_bypass.js",
        "hashed_secret": "67a74306b06d0c01624fe0d0249a570f4d093747",
        "is_verified": false,
        "line_number": 23
      },
      {
        "type": "Hex High Entropy String",
        "filename": "intellicrack\\scripts\\frida\\code_integrity_bypass.js",
        "hashed_secret": "10a34637ad661d98ba3344717656fcc76209c2f8",
        "is_verified": false,
        "line_number": 28
      },
      {
        "type": "Hex High Entropy String",
        "filename": "intellicrack\\scripts\\frida\\code_integrity_bypass.js",
        "hashed_secret": "244f421f896bdcdd2784dccf4eaf7c8dfd5189b5",
        "is_verified": false,
        "line_number": 33
      },
      {
        "type": "Hex High Entropy String",
        "filename": "intellicrack\\scripts\\frida\\code_integrity_bypass.js",
        "hashed_secret": "23e339ebfc6e9ddb24ec830eab2ac719d666192a",
        "is_verified": false,
        "line_number": 38
      }
    ],
    "intellicrack\\scripts\\migrate_secrets.py": [
      {
        "type": "Secret Keyword",
        "filename": "intellicrack\\scripts\\migrate_secrets.py",
        "hashed_secret": "02ecb94373bfb3dfe827ca18409f50b016e8302a",
        "is_verified": false,
        "line_number": 67
      },
      {
        "type": "Secret Keyword",
        "filename": "intellicrack\\scripts\\migrate_secrets.py",
        "hashed_secret": "f8ca0d7266886f4b5be9adddc9b66017b3bf1a4b",
        "is_verified": false,
        "line_number": 69
      },
      {
        "type": "Secret Keyword",
        "filename": "intellicrack\\scripts\\migrate_secrets.py",
        "hashed_secret": "1db4aba2bc9d400d5e75f5473ff811cd819a436d",
        "is_verified": false,
        "line_number": 71
      },
      {
        "type": "Secret Keyword",
        "filename": "intellicrack\\scripts\\migrate_secrets.py",
        "hashed_secret": "824403a55b39792bcab40973349a9b54f42a1620",
        "is_verified": false,
        "line_number": 73
      },
      {
        "type": "Secret Keyword",
        "filename": "intellicrack\\scripts\\migrate_secrets.py",
        "hashed_secret": "1a37d41260f96724ee881be5e261b4d043f0626b",
        "is_verified": false,
        "line_number": 75
      }
    ],
    "intellicrack\\tools\\plugin_test_generator.py": [
      {
        "type": "Base64 High Entropy String",
        "filename": "intellicrack\\tools\\plugin_test_generator.py",
        "hashed_secret": "ae3ae28f4ed39cff373216de1e3187f1b8655688",
        "is_verified": false,
        "line_number": 900
      }
    ],
    "intellicrack\\ui\\Windows_Patch\\WindowsActivator.cmd": [
      {
        "type": "Base64 High Entropy String",
        "filename": "intellicrack\\ui\\Windows_Patch\\WindowsActivator.cmd",
        "hashed_secret": "97e4dbf1011fe4e5f131314c730d89f322f2ba3b",
        "is_verified": false,
        "line_number": 919
      },
      {
        "type": "Base64 High Entropy String",
        "filename": "intellicrack\\ui\\Windows_Patch\\WindowsActivator.cmd",
        "hashed_secret": "6a1c0b0f767e6f06fbbaf5dc2bd645d83c808da2",
        "is_verified": false,
        "line_number": 975
      },
      {
        "type": "Base64 High Entropy String",
        "filename": "intellicrack\\ui\\Windows_Patch\\WindowsActivator.cmd",
        "hashed_secret": "c8bae97cbccb2d7fc0bbbf0bf868c8c7019ff028",
        "is_verified": false,
        "line_number": 1594
      },
      {
        "type": "Base64 High Entropy String",
        "filename": "intellicrack\\ui\\Windows_Patch\\WindowsActivator.cmd",
        "hashed_secret": "c4ccf57459097c726d1669c48724ca2ab793565e",
        "is_verified": false,
        "line_number": 5888
      },
      {
        "type": "Base64 High Entropy String",
        "filename": "intellicrack\\ui\\Windows_Patch\\WindowsActivator.cmd",
        "hashed_secret": "b9acf8c92ca2aa23e1a4a4214fc312ebe54ac7c6",
        "is_verified": false,
        "line_number": 11210
      },
      {
        "type": "Base64 High Entropy String",
        "filename": "intellicrack\\ui\\Windows_Patch\\WindowsActivator.cmd",
        "hashed_secret": "3a8af53ec4b33122f5b635dc000ef220d15c5a05",
        "is_verified": false,
        "line_number": 15327
      }
    ],
    "intellicrack\\utils\\core\\path_discovery.py": [
      {
        "type": "Base64 High Entropy String",
        "filename": "intellicrack\\utils\\core\\path_discovery.py",
        "hashed_secret": "4a75777134389d0e108fd309dcb9cc4b60d6530f",
        "is_verified": false,
        "line_number": 472
      }
    ],
    "intellicrack\\utils\\exploitation\\exploitation.py": [
      {
        "type": "Base64 High Entropy String",
        "filename": "intellicrack\\utils\\exploitation\\exploitation.py",
        "hashed_secret": "c4ccf57459097c726d1669c48724ca2ab793565e",
        "is_verified": false,
        "line_number": 1488
      },
      {
        "type": "Base64 High Entropy String",
        "filename": "intellicrack\\utils\\exploitation\\exploitation.py",
        "hashed_secret": "dd2629a3063b9c7fdad7837bcbe48e2dd31e44d1",
        "is_verified": false,
        "line_number": 1538
      }
    ],
    "intellicrack\\utils\\protection_utils.py": [
      {
        "type": "Base64 High Entropy String",
        "filename": "intellicrack\\utils\\protection_utils.py",
        "hashed_secret": "23ed593031c7e30b68f9e239b77332f89e0ac118",
        "is_verified": false,
        "line_number": 716
      }
    ],
    "intellicrack\\utils\\system\\program_discovery.py": [
      {
        "type": "Base64 High Entropy String",
        "filename": "intellicrack\\utils\\system\\program_discovery.py",
        "hashed_secret": "4a75777134389d0e108fd309dcb9cc4b60d6530f",
        "is_verified": false,
        "line_number": 114
      }
    ],
    "tests\\functional\\ai_operations\\test_real_ai_operations.py": [
      {
        "type": "Hex High Entropy String",
        "filename": "tests\\functional\\ai_operations\\test_real_ai_operations.py",
        "hashed_secret": "90bd1b48e958257948487b90bee080ba5ed00caa",
        "is_verified": false,
        "line_number": 249
      }
    ],
    "tests\\functional\\c2_operations\\test_real_c2_operations.py": [
      {
        "type": "Secret Keyword",
        "filename": "tests\\functional\\c2_operations\\test_real_c2_operations.py",
        "hashed_secret": "7c14138ee3d7c9efb6c6e1235b2010890df9aaa4",
        "is_verified": false,
        "line_number": 266
      },
      {
        "type": "Secret Keyword",
        "filename": "tests\\functional\\c2_operations\\test_real_c2_operations.py",
        "hashed_secret": "0f0d959bca569bf2b0a8bff3e2f1e88920ee7c5f",
        "is_verified": false,
        "line_number": 660
      },
      {
        "type": "Hex High Entropy String",
        "filename": "tests\\functional\\c2_operations\\test_real_c2_operations.py",
        "hashed_secret": "0a8e7319f26e6b34edab744487f82d7817dac8d2",
        "is_verified": false,
        "line_number": 661
      }
    ],
    "tests\\functional\\keygen_operations\\test_real_keygen_operations.py": [
      {
        "type": "Base64 High Entropy String",
        "filename": "tests\\functional\\keygen_operations\\test_real_keygen_operations.py",
        "hashed_secret": "1fbf29f4d01704e52025ffc9a6d73b5241be9e10",
        "is_verified": false,
        "line_number": 584
      }
    ],
    "tests\\performance\\test_ai_performance.py": [
      {
        "type": "Secret Keyword",
        "filename": "tests\\performance\\test_ai_performance.py",
        "hashed_secret": "3acfb2c2b433c0ea7ff107e33df91b18e52f960f",
        "is_verified": false,
        "line_number": 108
      },
      {
        "type": "Secret Keyword",
        "filename": "tests\\performance\\test_ai_performance.py",
        "hashed_secret": "b76544cf064f96a9d14f8f57a2721095fc9b2239",
        "is_verified": false,
        "line_number": 240
      },
      {
        "type": "Secret Keyword",
        "filename": "tests\\performance\\test_ai_performance.py",
        "hashed_secret": "dc8cdf6c6e47cdfa2ce012fc94175d734f258434",
        "is_verified": false,
        "line_number": 241
      },
      {
        "type": "Secret Keyword",
        "filename": "tests\\performance\\test_ai_performance.py",
        "hashed_secret": "939bb46a04c3640c8c427e92b1b557e882e2d2a0",
        "is_verified": false,
        "line_number": 242
      },
      {
        "type": "Secret Keyword",
        "filename": "tests\\performance\\test_ai_performance.py",
        "hashed_secret": "3bee216ebc256d692260fc3adc765050508fef5e",
        "is_verified": false,
        "line_number": 403
      }
    ],
    "tests\\unit\\core\\c2\\test_c2_communication.py": [
      {
        "type": "Secret Keyword",
        "filename": "tests\\unit\\core\\c2\\test_c2_communication.py",
        "hashed_secret": "5700247db1bfde36004248a154b666c838ab650d",
        "is_verified": false,
        "line_number": 229
      }
    ],
    "tests\\utilities\\test_real_crypto_operations.py": [
      {
        "type": "Secret Keyword",
        "filename": "tests\\utilities\\test_real_crypto_operations.py",
        "hashed_secret": "159920628cb789601a3ef7859918baa2e9ea7d15",
        "is_verified": false,
        "line_number": 107
      },
      {
        "type": "Secret Keyword",
        "filename": "tests\\utilities\\test_real_crypto_operations.py",
        "hashed_secret": "94d156c1485a2ad0deb2b08891fba1c63e1cc31e",
        "is_verified": false,
        "line_number": 108
      },
      {
        "type": "Secret Keyword",
        "filename": "tests\\utilities\\test_real_crypto_operations.py",
        "hashed_secret": "55848bc1febf3b08552996784ac753bb6a7d1b9c",
        "is_verified": false,
        "line_number": 110
      },
      {
        "type": "Private Key",
        "filename": "tests\\utilities\\test_real_crypto_operations.py",
        "hashed_secret": "be4fc4886bd949b369d5e092eb87494f12e57e5b",
        "is_verified": false,
        "line_number": 110
      },
      {
        "type": "Basic Auth Credentials",
        "filename": "tests\\utilities\\test_real_crypto_operations.py",
        "hashed_secret": "9d4e1e23bd5b727046a9e3b4b7db57bd8d6ee684",
        "is_verified": false,
        "line_number": 111
      },
      {
        "type": "Hex High Entropy String",
        "filename": "tests\\utilities\\test_real_crypto_operations.py",
        "hashed_secret": "a75e1658c2f4c9eba530c0fc4b0a60c65e7c22fb",
        "is_verified": false,
        "line_number": 228
      },
      {
        "type": "Hex High Entropy String",
        "filename": "tests\\utilities\\test_real_crypto_operations.py",
        "hashed_secret": "efc4fe664cbe7cec1a06f73305a414b55d7034d3",
        "is_verified": false,
        "line_number": 229
      },
      {
        "type": "Hex High Entropy String",
        "filename": "tests\\utilities\\test_real_crypto_operations.py",
        "hashed_secret": "10cc000f6ed3ca42acfceabd2e7aa7fc221cdc83",
        "is_verified": false,
        "line_number": 230
      }
    ]
  },
  "generated_at": "2025-08-03T06:05:56Z"
}
